// Jest Snapshot v1, https://goo.gl/fbAQLP

exports[` 1`] = `
<ul>
  <li>
    <a
      href="https://github.com/alexeyraspopov"
    >
      alexeyraspopov
    </a>
  </li>
  <li>
    <a
      href="https://github.com/istarkov"
    >
      istarkov
    </a>
  </li>
  <li>
    <a
      href="https://github.com/terrysahaidak"
    >
      terrysahaidak
    </a>
  </li>
  <li>
    <a
      href="https://github.com/RReverser"
    >
      RReverser
    </a>
  </li>
</ul>
`;
